OMGHAI!
-------- day 0 --------
name, sellIn, quality
Ring of Cleansening Code, 10, 20
Good Wine, 2, 0
Elixir of the SOLID, 5, 7
B-DAWG Keychain, 0, 80
B-DAWG Keychain, -1, 80
Backstage passes for Re:factor, 15, 20
Backstage passes for Re:factor, 10, 49
Backstage passes for HAXX, 5, 49
Duplicate Code, 3, 6
Long Methods, 3, 6
Ugly Variable Names, 3, 6

-------- day 1 --------
name, sellIn, quality
Ring of Cleansening Code, 9, 19
Good Wine, 1, 1
Elixir of the SOLID, 4, 6
B-DAWG Keychain, 0, 80
B-DAWG Keychain, -1, 80
Backstage passes for Re:factor, 14, 21
Backstage passes for Re:factor, 9, 50
Backstage passes for HAXX, 4, 50
Duplicate Code, 2, 5
Long Methods, 2, 5
Ugly Variable Names, 2, 5

-------- day 2 --------
name, sellIn, quality
Ring of Cleansening Code, 8, 18
Good Wine, 0, 2
Elixir of the SOLID, 3, 5
B-DAWG Keychain, 0, 80
B-DAWG Keychain, -1, 80
Backstage passes for Re:factor, 13, 22
Backstage passes for Re:factor, 8, 50
Backstage passes for HAXX, 3, 50
Duplicate Code, 1, 4
Long Methods, 1, 4
Ugly Variable Names, 1, 4

-------- day 3 --------
name, sellIn, quality
Ring of Cleansening Code, 7, 17
Good Wine, -1, 4
Elixir of the SOLID, 2, 4
B-DAWG Keychain, 0, 80
B-DAWG Keychain, -1, 80
Backstage passes for Re:factor, 12, 23
Backstage passes for Re:factor, 7, 50
Backstage passes for HAXX, 2, 50
Duplicate Code, 0, 3
Long Methods, 0, 3
Ugly Variable Names, 0, 3

-------- day 4 --------
name, sellIn, quality
Ring of Cleansening Code, 6, 16
Good Wine, -2, 6
Elixir of the SOLID, 1, 3
B-DAWG Keychain, 0, 80
B-DAWG Keychain, -1, 80
Backstage passes for Re:factor, 11, 24
Backstage passes for Re:factor, 6, 50
Backstage passes for HAXX, 1, 50
Duplicate Code, -1, 1
Long Methods, -1, 1
Ugly Variable Names, -1, 1

-------- day 5 --------
name, sellIn, quality
Ring of Cleansening Code, 5, 15
Good Wine, -3, 8
Elixir of the SOLID, 0, 2
B-DAWG Keychain, 0, 80
B-DAWG Keychain, -1, 80
Backstage passes for Re:factor, 10, 25
Backstage passes for Re:factor, 5, 50
Backstage passes for HAXX, 0, 50
Duplicate Code, -2, 0
Long Methods, -2, 0
Ugly Variable Names, -2, 0

-------- day 6 --------
name, sellIn, quality
Ring of Cleansening Code, 4, 14
Good Wine, -4, 10
Elixir of the SOLID, -1, 0
B-DAWG Keychain, 0, 80
B-DAWG Keychain, -1, 80
Backstage passes for Re:factor, 9, 27
Backstage passes for Re:factor, 4, 50
Backstage passes for HAXX, -1, 0
Duplicate Code, -3, 0
Long Methods, -3, 0
Ugly Variable Names, -3, 0

-------- day 7 --------
name, sellIn, quality
Ring of Cleansening Code, 3, 13
Good Wine, -5, 12
Elixir of the SOLID, -2, 0
B-DAWG Keychain, 0, 80
B-DAWG Keychain, -1, 80
Backstage passes for Re:factor, 8, 29
Backstage passes for Re:factor, 3, 50
Backstage passes for HAXX, -2, 0
Duplicate Code, -4, 0
Long Methods, -4, 0
Ugly Variable Names, -4, 0

-------- day 8 --------
name, sellIn, quality
Ring of Cleansening Code, 2, 12
Good Wine, -6, 14
Elixir of the SOLID, -3, 0
B-DAWG Keychain, 0, 80
B-DAWG Keychain, -1, 80
Backstage passes for Re:factor, 7, 31
Backstage passes for Re:factor, 2, 50
Backstage passes for HAXX, -3, 0
Duplicate Code, -5, 0
Long Methods, -5, 0
Ugly Variable Names, -5, 0

-------- day 9 --------
name, sellIn, quality
Ring of Cleansening Code, 1, 11
Good Wine, -7, 16
Elixir of the SOLID, -4, 0
B-DAWG Keychain, 0, 80
B-DAWG Keychain, -1, 80
Backstage passes for Re:factor, 6, 33
Backstage passes for Re:factor, 1, 50
Backstage passes for HAXX, -4, 0
Duplicate Code, -6, 0
Long Methods, -6, 0
Ugly Variable Names, -6, 0

-------- day 10 --------
name, sellIn, quality
Ring of Cleansening Code, 0, 10
Good Wine, -8, 18
Elixir of the SOLID, -5, 0
B-DAWG Keychain, 0, 80
B-DAWG Keychain, -1, 80
Backstage passes for Re:factor, 5, 35
Backstage passes for Re:factor, 0, 50
Backstage passes for HAXX, -5, 0
Duplicate Code, -7, 0
Long Methods, -7, 0
Ugly Variable Names, -7, 0

-------- day 11 --------
name, sellIn, quality
Ring of Cleansening Code, -1, 8
Good Wine, -9, 20
Elixir of the SOLID, -6, 0
B-DAWG Keychain, 0, 80
B-DAWG Keychain, -1, 80
Backstage passes for Re:factor, 4, 38
Backstage passes for Re:factor, -1, 0
Backstage passes for HAXX, -6, 0
Duplicate Code, -8, 0
Long Methods, -8, 0
Ugly Variable Names, -8, 0

-------- day 12 --------
name, sellIn, quality
Ring of Cleansening Code, -2, 6
Good Wine, -10, 22
Elixir of the SOLID, -7, 0
B-DAWG Keychain, 0, 80
B-DAWG Keychain, -1, 80
Backstage passes for Re:factor, 3, 41
Backstage passes for Re:factor, -2, 0
Backstage passes for HAXX, -7, 0
Duplicate Code, -9, 0
Long Methods, -9, 0
Ugly Variable Names, -9, 0

-------- day 13 --------
name, sellIn, quality
Ring of Cleansening Code, -3, 4
Good Wine, -11, 24
Elixir of the SOLID, -8, 0
B-DAWG Keychain, 0, 80
B-DAWG Keychain, -1, 80
Backstage passes for Re:factor, 2, 44
Backstage passes for Re:factor, -3, 0
Backstage passes for HAXX, -8, 0
Duplicate Code, -10, 0
Long Methods, -10, 0
Ugly Variable Names, -10, 0

-------- day 14 --------
name, sellIn, quality
Ring of Cleansening Code, -4, 2
Good Wine, -12, 26
Elixir of the SOLID, -9, 0
B-DAWG Keychain, 0, 80
B-DAWG Keychain, -1, 80
Backstage passes for Re:factor, 1, 47
Backstage passes for Re:factor, -4, 0
Backstage passes for HAXX, -9, 0
Duplicate Code, -11, 0
Long Methods, -11, 0
Ugly Variable Names, -11, 0

-------- day 15 --------
name, sellIn, quality
Ring of Cleansening Code, -5, 0
Good Wine, -13, 28
Elixir of the SOLID, -10, 0
B-DAWG Keychain, 0, 80
B-DAWG Keychain, -1, 80
Backstage passes for Re:factor, 0, 50
Backstage passes for Re:factor, -5, 0
Backstage passes for HAXX, -10, 0
Duplicate Code, -12, 0
Long Methods, -12, 0
Ugly Variable Names, -12, 0

-------- day 16 --------
name, sellIn, quality
Ring of Cleansening Code, -6, 0
Good Wine, -14, 30
Elixir of the SOLID, -11, 0
B-DAWG Keychain, 0, 80
B-DAWG Keychain, -1, 80
Backstage passes for Re:factor, -1, 0
Backstage passes for Re:factor, -6, 0
Backstage passes for HAXX, -11, 0
Duplicate Code, -13, 0
Long Methods, -13, 0
Ugly Variable Names, -13, 0

-------- day 17 --------
name, sellIn, quality
Ring of Cleansening Code, -7, 0
Good Wine, -15, 32
Elixir of the SOLID, -12, 0
B-DAWG Keychain, 0, 80
B-DAWG Keychain, -1, 80
Backstage passes for Re:factor, -2, 0
Backstage passes for Re:factor, -7, 0
Backstage passes for HAXX, -12, 0
Duplicate Code, -14, 0
Long Methods, -14, 0
Ugly Variable Names, -14, 0

-------- day 18 --------
name, sellIn, quality
Ring of Cleansening Code, -8, 0
Good Wine, -16, 34
Elixir of the SOLID, -13, 0
B-DAWG Keychain, 0, 80
B-DAWG Keychain, -1, 80
Backstage passes for Re:factor, -3, 0
Backstage passes for Re:factor, -8, 0
Backstage passes for HAXX, -13, 0
Duplicate Code, -15, 0
Long Methods, -15, 0
Ugly Variable Names, -15, 0

-------- day 19 --------
name, sellIn, quality
Ring of Cleansening Code, -9, 0
Good Wine, -17, 36
Elixir of the SOLID, -14, 0
B-DAWG Keychain, 0, 80
B-DAWG Keychain, -1, 80
Backstage passes for Re:factor, -4, 0
Backstage passes for Re:factor, -9, 0
Backstage passes for HAXX, -14, 0
Duplicate Code, -16, 0
Long Methods, -16, 0
Ugly Variable Names, -16, 0

-------- day 20 --------
name, sellIn, quality
Ring of Cleansening Code, -10, 0
Good Wine, -18, 38
Elixir of the SOLID, -15, 0
B-DAWG Keychain, 0, 80
B-DAWG Keychain, -1, 80
Backstage passes for Re:factor, -5, 0
Backstage passes for Re:factor, -10, 0
Backstage passes for HAXX, -15, 0
Duplicate Code, -17, 0
Long Methods, -17, 0
Ugly Variable Names, -17, 0

-------- day 21 --------
name, sellIn, quality
Ring of Cleansening Code, -11, 0
Good Wine, -19, 40
Elixir of the SOLID, -16, 0
B-DAWG Keychain, 0, 80
B-DAWG Keychain, -1, 80
Backstage passes for Re:factor, -6, 0
Backstage passes for Re:factor, -11, 0
Backstage passes for HAXX, -16, 0
Duplicate Code, -18, 0
Long Methods, -18, 0
Ugly Variable Names, -18, 0

-------- day 22 --------
name, sellIn, quality
Ring of Cleansening Code, -12, 0
Good Wine, -20, 42
Elixir of the SOLID, -17, 0
B-DAWG Keychain, 0, 80
B-DAWG Keychain, -1, 80
Backstage passes for Re:factor, -7, 0
Backstage passes for Re:factor, -12, 0
Backstage passes for HAXX, -17, 0
Duplicate Code, -19, 0
Long Methods, -19, 0
Ugly Variable Names, -19, 0

-------- day 23 --------
name, sellIn, quality
Ring of Cleansening Code, -13, 0
Good Wine, -21, 44
Elixir of the SOLID, -18, 0
B-DAWG Keychain, 0, 80
B-DAWG Keychain, -1, 80
Backstage passes for Re:factor, -8, 0
Backstage passes for Re:factor, -13, 0
Backstage passes for HAXX, -18, 0
Duplicate Code, -20, 0
Long Methods, -20, 0
Ugly Variable Names, -20, 0

-------- day 24 --------
name, sellIn, quality
Ring of Cleansening Code, -14, 0
Good Wine, -22, 46
Elixir of the SOLID, -19, 0
B-DAWG Keychain, 0, 80
B-DAWG Keychain, -1, 80
Backstage passes for Re:factor, -9, 0
Backstage passes for Re:factor, -14, 0
Backstage passes for HAXX, -19, 0
Duplicate Code, -21, 0
Long Methods, -21, 0
Ugly Variable Names, -21, 0

-------- day 25 --------
name, sellIn, quality
Ring of Cleansening Code, -15, 0
Good Wine, -23, 48
Elixir of the SOLID, -20, 0
B-DAWG Keychain, 0, 80
B-DAWG Keychain, -1, 80
Backstage passes for Re:factor, -10, 0
Backstage passes for Re:factor, -15, 0
Backstage passes for HAXX, -20, 0
Duplicate Code, -22, 0
Long Methods, -22, 0
Ugly Variable Names, -22, 0

-------- day 26 --------
name, sellIn, quality
Ring of Cleansening Code, -16, 0
Good Wine, -24, 50
Elixir of the SOLID, -21, 0
B-DAWG Keychain, 0, 80
B-DAWG Keychain, -1, 80
Backstage passes for Re:factor, -11, 0
Backstage passes for Re:factor, -16, 0
Backstage passes for HAXX, -21, 0
Duplicate Code, -23, 0
Long Methods, -23, 0
Ugly Variable Names, -23, 0

-------- day 27 --------
name, sellIn, quality
Ring of Cleansening Code, -17, 0
Good Wine, -25, 50
Elixir of the SOLID, -22, 0
B-DAWG Keychain, 0, 80
B-DAWG Keychain, -1, 80
Backstage passes for Re:factor, -12, 0
Backstage passes for Re:factor, -17, 0
Backstage passes for HAXX, -22, 0
Duplicate Code, -24, 0
Long Methods, -24, 0
Ugly Variable Names, -24, 0

-------- day 28 --------
name, sellIn, quality
Ring of Cleansening Code, -18, 0
Good Wine, -26, 50
Elixir of the SOLID, -23, 0
B-DAWG Keychain, 0, 80
B-DAWG Keychain, -1, 80
Backstage passes for Re:factor, -13, 0
Backstage passes for Re:factor, -18, 0
Backstage passes for HAXX, -23, 0
Duplicate Code, -25, 0
Long Methods, -25, 0
Ugly Variable Names, -25, 0

-------- day 29 --------
name, sellIn, quality
Ring of Cleansening Code, -19, 0
Good Wine, -27, 50
Elixir of the SOLID, -24, 0
B-DAWG Keychain, 0, 80
B-DAWG Keychain, -1, 80
Backstage passes for Re:factor, -14, 0
Backstage passes for Re:factor, -19, 0
Backstage passes for HAXX, -24, 0
Duplicate Code, -26, 0
Long Methods, -26, 0
Ugly Variable Names, -26, 0

-------- day 30 --------
name, sellIn, quality
Ring of Cleansening Code, -20, 0
Good Wine, -28, 50
Elixir of the SOLID, -25, 0
B-DAWG Keychain, 0, 80
B-DAWG Keychain, -1, 80
Backstage passes for Re:factor, -15, 0
Backstage passes for Re:factor, -20, 0
Backstage passes for HAXX, -25, 0
Duplicate Code, -27, 0
Long Methods, -27, 0
Ugly Variable Names, -27, 0

